[{"time":0.0,"velocity":-0.0,"acceleration":-3.0,"pose":{"translation":{"x":22.5,"y":12.5},"rotation":{"radians":1.5707963267948966}},"curvature":-0.0},{"time":0.2555685256042846,"velocity":-0.7667055768128539,"acceleration":-3.0000000000000004,"pose":{"translation":{"x":22.502034330117365,"y":12.402048215987683},"rotation":{"radians":1.6267687207766022}},"curvature":-0.8811977145195742},{"time":0.320755971699816,"velocity":-0.9622679150994481,"acceleration":-2.9999999999999982,"pose":{"translation":{"x":22.506587666201803,"y":12.345878787155497},"rotation":{"radians":1.6761550134832444}},"curvature":-0.838491335241032},{"time":0.3818071110974743,"velocity":-1.1454213332924228,"acceleration":-2.999999999999994,"pose":{"translation":{"x":22.51497165754386,"y":12.282088973384024},"rotation":{"radians":1.7250567095463074}},"curvature":-0.6777687502731482},{"time":0.44172576733322133,"velocity":-1.3251773019996635,"acceleration":-3.000000000000003,"pose":{"translation":{"x":22.528015600090928,"y":12.20922991634766},"rotation":{"radians":1.7687901477383967}},"curvature":-0.5117373251368283},{"time":0.5017138728024298,"velocity":-1.5051416184072892,"acceleration":-2.999999999999998,"pose":{"translation":{"x":22.5463461678542,"y":12.126339828076986},"rotation":{"radians":1.8062134304652813}},"curvature":-0.3792509129436447},{"time":0.5621735579779701,"velocity":-1.6865206739339098,"acceleration":-2.9999999999999996,"pose":{"translation":{"x":22.570402301283817,"y":12.032903441611722},"rotation":{"radians":1.8378197760599528}},"curvature":-0.28342939545941837},{"time":0.6231108847879953,"velocity":-1.8693326543639852,"acceleration":-2.999999999999999,"pose":{"translation":{"x":22.600450095643996,"y":11.92881146165365},"rotation":{"radians":1.8646275063162314}},"curvature":-0.21677251930325506},{"time":0.684330814401025,"velocity":-2.0529924432030744,"acceleration":-2.9999999999999982,"pose":{"translation":{"x":22.636597689388164,"y":11.814320015219542},"rotation":{"radians":1.8876910985721573}},"curvature":-0.17103007078573962},{"time":0.7149575514615434,"velocity":-2.1448726543846295,"acceleration":-2.999999999999997,"pose":{"translation":{"x":22.65695317691656,"y":11.753344472990094},"rotation":{"radians":1.8981140385241182}},"curvature":-0.1539165290680521},{"time":0.7455406208116395,"velocity":-2.2366218624349177,"acceleration":-2.9999999999999982,"pose":{"translation":{"x":22.678810152534098,"y":11.690010102294105},"rotation":{"radians":1.9079348749080272}},"curvature":-0.1397892783806872},{"time":0.7760371618315423,"velocity":-2.3281114854946257,"acceleration":-3.0000000000000093,"pose":{"translation":{"x":22.702144338173976,"y":11.624433636903648},"rotation":{"radians":1.917244158403517}},"curvature":-0.12815077999964225},{"time":0.8064037464233671,"velocity":-2.4192112392701004,"acceleration":-3.0,"pose":{"translation":{"x":22.726924375039054,"y":11.55674704648291},"rotation":{"radians":1.9261235987125256}},"curvature":-0.11859710276269946},{"time":0.836596986425875,"velocity":-2.509790959277624,"acceleration":-3.0000000000000058,"pose":{"translation":{"x":22.753112288863576,"y":11.487096269421095},"rotation":{"radians":1.9346470840179468}},"curvature":-0.11080238293943456},{"time":0.8665739902334066,"velocity":-2.5997219707002195,"acceleration":-3.0000000000000027,"pose":{"translation":{"x":22.7806639551749,"y":11.415639945665323},"rotation":{"radians":1.942881727546949}},"curvature":-0.10450521901427552},{"time":0.8962927064296571,"velocity":-2.688878119288971,"acceleration":-2.9999999999999973,"pose":{"translation":{"x":22.809529564555216,"y":11.342548149553547},"rotation":{"radians":1.9508888824126134}},"curvature":-0.09949722868578462},{"time":0.9257121829119135,"velocity":-2.77713654873574,"acceleration":-3.0,"pose":{"translation":{"x":22.83965408790327,"y":11.268001122647444},"rotation":{"radians":1.9587250956787265}},"curvature":-0.09561367315768085},{"time":0.9547927630597547,"velocity":-2.8643782891792635,"acceleration":-3.0000000000000027,"pose":{"translation":{"x":22.870977741696077,"y":11.192188006565324},"rotation":{"radians":1.9664429905134146}},"curvature":-0.09272592050667217},{"time":0.9834962353385569,"velocity":-2.9504887060156704,"acceleration":-3.0000000000000133,"pose":{"translation":{"x":22.903436453250666,"y":11.115305575815038},"rotation":{"radians":1.9740920757170866}},"curvature":-0.09073548421502745},{"time":1.0117859488575243,"velocity":-3.035357846572573,"acceleration":-2.9999999999999973,"pose":{"translation":{"x":22.93696232598578,"y":11.037556970626873},"rotation":{"radians":1.9817194876412454}},"curvature":-0.08956938424928547},{"time":1.0396269044899127,"velocity":-3.118880713469738,"acceleration":-3.0000000000000027,"pose":{"translation":{"x":22.971484104683626,"y":10.959150429786465},"rotation":{"radians":1.9893706723469828}},"curvature":-0.08917660915301913},{"time":1.0669858289659073,"velocity":-3.2009574868977215,"acceleration":-3.00000000000001,"pose":{"translation":{"x":23.006927640751556,"y":10.880298023467702},"rotation":{"radians":1.9970900169027435}},"curvature":-0.08952549442917146},{"time":1.0938312376872772,"velocity":-3.281493713061831,"acceleration":-2.99999999999999,"pose":{"translation":{"x":23.043216357483836,"y":10.801214386065624},"rotation":{"radians":2.0049214386671714}},"curvature":-0.09060186810283981},{"time":1.1201334907546536,"velocity":-3.36040047226396,"acceleration":-2.999999999999995,"pose":{"translation":{"x":23.080271715323338,"y":10.722115449029326},"rotation":{"radians":2.0129089406305365}},"curvature":-0.09240784560930806},{"time":1.1458648457441043,"velocity":-3.437594537232312,"acceleration":-2.999999999999995,"pose":{"translation":{"x":23.118013677123276,"y":10.643217173694874},"rotation":{"radians":2.0210971395863027}},"curvature":-0.09496118167498376},{"time":1.1709995100449915,"velocity":-3.512998530134973,"acceleration":-3.000000000000005,"pose":{"translation":{"x":23.15636117340893,"y":10.56473428411819},"rotation":{"radians":2.0295317721201505}},"curvature":-0.09829510595783839},{"time":1.1955136950192757,"velocity":-3.5865410850578257,"acceleration":-2.9999999999999947,"pose":{"translation":{"x":23.195232567639355,"y":10.486878999907976},"rotation":{"radians":2.0382601810725576}},"curvature":-0.10245858118514048},{"time":1.2193856738199251,"velocity":-3.6581570214597736,"acceleration":-2.9999999999999947,"pose":{"translation":{"x":23.234546121469123,"y":10.409859769058604},"rotation":{"radians":2.0473317820866264}},"curvature":-0.107516926170325},{"time":1.2425958443785643,"velocity":-3.727787533135691,"acceleration":-2.9999999999999947,"pose":{"translation":{"x":23.27422046001004,"y":10.333880000783026},"rotation":{"radians":2.0567985058238873}},"curvature":-0.11355273928618277},{"time":1.2651267988123331,"velocity":-3.795380396436997,"acceleration":-3.0000000000000053,"pose":{"translation":{"x":23.31417503709285,"y":10.25913679834568},"rotation":{"radians":2.066715206025502}},"curvature":-0.12066703720963766},{"time":1.2869634002836565,"velocity":-3.860890200850968,"acceleration":-3.0000000000000107,"pose":{"translation":{"x":23.35433060052899,"y":10.18581969189539},"rotation":{"radians":2.077140016277894}},"curvature":-0.12898048356986466},{"time":1.308092868153143,"velocity":-3.9242786044594276,"acceleration":-2.9999999999999947,"pose":{"translation":{"x":23.39460965737229,"y":10.114109371298266},"rotation":{"radians":2.088134628397083}},"curvature":-0.1386345143956599},{"time":1.3285048720749402,"velocity":-3.985514616224819,"acceleration":-2.9999999999999774,"pose":{"translation":{"x":23.434936939180705,"y":10.044176418970624},"rotation":{"radians":2.0997644518521157}},"curvature":-0.1497920603295725},{"time":1.3481916354743484,"velocity":-4.044574906423043,"acceleration":-2.9999999999999885,"pose":{"translation":{"x":23.475239867278034,"y":9.976180042711874},"rotation":{"radians":2.1120985954476774}},"curvature":-0.16263740343615868},{"time":1.3671480485960719,"velocity":-4.101444145788213,"acceleration":-3.0,"pose":{"translation":{"x":23.515449018015644,"y":9.91026680853743},"rotation":{"radians":2.125209588190563}},"curvature":-0.1773744680870393},{"time":1.3853717909912933,"velocity":-4.156115372973877,"acceleration":-2.999999999999994,"pose":{"translation":{"x":23.555498588034197,"y":9.84656937351162},"rotation":{"radians":2.1391727243208103}},"curvature":-0.1942225052500296},{"time":1.4028634628913785,"velocity":-4.208590388674133,"acceleration":-3.0,"pose":{"translation":{"x":23.595326859525365,"y":9.785205218580579},"rotation":{"radians":2.1540648763717245}},"curvature":-0.2134076599932016},{"time":1.4196267243592455,"velocity":-4.258880173077734,"acceleration":-2.9999999999999676,"pose":{"translation":{"x":23.634876665493564,"y":9.72627538140516},"rotation":{"radians":2.169962568759301}},"curvature":-0.23514829109420063},{"time":1.435668440376205,"velocity":-4.307005321128612,"acceleration":-3.0,"pose":{"translation":{"x":23.674095855017672,"y":9.669863189193835},"rotation":{"radians":2.186939042970653}},"curvature":-0.2596311391427077},{"time":1.4509988290726417,"velocity":-4.352996487217922,"acceleration":-3.0000000000000138,"pose":{"translation":{"x":23.712937758512737,"y":9.616032991535608},"rotation":{"radians":2.2050599767546935}},"curvature":-0.2869745685328978},{"time":1.4656316091141373,"velocity":-4.396894827342409,"acceleration":-2.999999999999989,"pose":{"translation":{"x":23.751361652991726,"y":9.564828893232905},"rotation":{"radians":2.2243774515350943}},"curvature":-0.31717429966047495},{"time":1.492876044527378,"velocity":-4.478628133582132,"acceleration":-1.3050757750698512,"pose":{"translation":{"x":23.826825047513204,"y":9.470366586968364},"rotation":{"radians":2.266690241822557}},"curvature":-0.3850249686298622},{"time":1.5177025420038261,"velocity":-4.511028594018477,"acceleration":2.9999999999999956,"pose":{"translation":{"x":23.900296866589418,"y":9.386376060738588},"rotation":{"radians":2.313639250392445}},"curvature":-0.4571027172771665},{"time":1.5406795708336538,"velocity":-4.4420975075289935,"acceleration":2.8964491800151593,"pose":{"translation":{"x":23.971712860544464,"y":9.312352089602696},"rotation":{"radians":2.363941347966118}},"curvature":-0.5178346539454951},{"time":1.5622439813530202,"velocity":-4.379637288362664,"acceleration":-3.000000000000015,"pose":{"translation":{"x":24.041148590394332,"y":9.247343883993471},"rotation":{"radians":2.4146232851614022}},"curvature":-0.5380448499023095},{"time":1.58237320444434,"velocity":-4.4400249576366235,"acceleration":-3.0000000000000053,"pose":{"translation":{"x":24.108834316222076,"y":9.189914540370305},"rotation":{"radians":2.4604598081912243}},"curvature":-0.4768235887068511},{"time":1.6012111067299943,"velocity":-4.4965386644935865,"acceleration":-2.684097390142197,"pose":{"translation":{"x":24.17516988555292,"y":9.138100491872125},"rotation":{"radians":2.4940084279835824}},"curvature":-0.29764301371180574},{"time":1.6192819049755358,"velocity":-4.54504244690223,"acceleration":2.9999999999999676,"pose":{"translation":{"x":24.240739621729404,"y":9.089370958970335},"rotation":{"radians":2.5068760918868063}},"curvature":-8.724153400919196E-15},{"time":1.6373571272771352,"velocity":-4.490816779997433,"acceleration":2.999999999999984,"pose":{"translation":{"x":24.3067077621642,"y":9.041235922211152},"rotation":{"radians":2.519610831834692}},"curvature":-0.2948839940449748},{"time":1.656171693800752,"velocity":-4.434373080426583,"acceleration":3.00000000000003,"pose":{"translation":{"x":24.37568886012525,"y":8.993369543960831},"rotation":{"radians":2.5528400128775814}},"curvature":-0.4747582721151108},{"time":1.676202824650192,"velocity":-4.3742796878782615,"acceleration":-2.310326763292689,"pose":{"translation":{"x":24.450132516213607,"y":8.946024508438512},"rotation":{"radians":2.598369499489541}},"curvature":-0.5398052804063147},{"time":1.6975983699839208,"velocity":-4.423710388878017,"acceleration":2.32262025031649,"pose":{"translation":{"x":24.531912004071007,"y":8.899436073365461},"rotation":{"radians":2.6488901944969805}},"curvature":-0.5237248826395253},{"time":1.7206380941217831,"velocity":-4.370197859033712,"acceleration":3.0,"pose":{"translation":{"x":24.622366339034908,"y":8.853822069965076},"rotation":{"radians":2.699175212847942}},"curvature":-0.46544036561908986},{"time":1.7458919441012402,"velocity":-4.294436309095341,"acceleration":3.0,"pose":{"translation":{"x":24.722342346793496,"y":8.809382902962888},"rotation":{"radians":2.746159216015706}},"curvature":-0.39374184856180844},{"time":1.7736470920067635,"velocity":-4.2111708653787705,"acceleration":2.999999999999993,"pose":{"translation":{"x":24.83223673204071,"y":8.766301550586546},"rotation":{"radians":2.7884415172456882}},"curvature":-0.3247070570931596},{"time":1.804088694437187,"velocity":-4.1198460580875,"acceleration":3.00000000000004,"pose":{"translation":{"x":24.952038147131248,"y":8.724743564565834},"rotation":{"radians":2.825680025766504}},"curvature":-0.2650783138765721},{"time":1.8203590248202581,"velocity":-4.071035066938286,"acceleration":3.000000000000013,"pose":{"translation":{"x":25.015549220750174,"y":8.704582803796386},"rotation":{"radians":2.8424674615162044}},"curvature":-0.239377181975165},{"time":1.8373436565994392,"velocity":-4.020081171600743,"acceleration":3.0,"pose":{"translation":{"x":25.08136926073561,"y":8.684857070132665},"rotation":{"radians":2.8581060884851195}},"curvature":-0.21635920556113886},{"time":1.8550496733926696,"velocity":-3.9669631212210517,"acceleration":3.0000000000000124,"pose":{"translation":{"x":25.149400817609425,"y":8.66558215633837},"rotation":{"radians":2.872662634071401}},"curvature":-0.19586490766354966},{"time":1.8734809650732618,"velocity":-3.911669246179275,"acceleration":2.999999999999988,"pose":{"translation":{"x":25.219528826495097,"y":8.646772766021078},"rotation":{"radians":2.8862079415923008}},"curvature":-0.17769274305858254},{"time":1.8926383670481481,"velocity":-3.854197040254616,"acceleration":3.0,"pose":{"translation":{"x":25.291621921763195,"y":8.628442513632251},"rotation":{"radians":2.898813763040252}},"curvature":-0.1616250310857687},{"time":1.9125197941992977,"velocity":-3.794552758801167,"acceleration":3.0,"pose":{"translation":{"x":25.365533751676836,"y":8.610603924467238},"rotation":{"radians":2.9105505825916205}},"curvature":-0.14744445720048446},{"time":1.9331203672517314,"velocity":-3.732751039643866,"acceleration":3.0,"pose":{"translation":{"x":25.44110429303716,"y":8.593268434665262},"rotation":{"radians":2.921486205651339}},"curvature":-0.13494396428026603},{"time":1.9544325301015704,"velocity":-3.668814551094349,"acceleration":3.000000000000011,"pose":{"translation":{"x":25.518161165828797,"y":8.576446391209439},"rotation":{"radians":2.931684904752446}},"curvature":-0.12393216132860758},{"time":1.976446157219168,"velocity":-3.602773669741556,"acceleration":3.000000000000011,"pose":{"translation":{"x":25.596520947865343,"y":8.560147051926762},"rotation":{"radians":2.9412069623458637}},"curvature":-0.11423579283026289},{"time":1.9991486506732215,"velocity":-3.5346661893793954,"acceleration":3.0,"pose":{"translation":{"x":25.675990489434817,"y":8.544378585488108},"rotation":{"radians":2.9501084903924264}},"curvature":-0.10570035408597511},{"time":2.02252502663706,"velocity":-3.4645370614878797,"acceleration":2.9999999999999893,"pose":{"translation":{"x":25.756368227945146,"y":8.529148071408237},"rotation":{"radians":2.9584414381864153}},"curvature":-0.09818959592265944},{"time":2.0465579914685743,"velocity":-3.3924381669933377,"acceleration":2.9999999999999893,"pose":{"translation":{"x":25.837445502569615,"y":8.514461500045794},"rotation":{"radians":2.9662537241276583}},"curvature":-0.09158441564542427},{"time":2.0712280076266336,"velocity":-3.3184281185191606,"acceleration":3.0,"pose":{"translation":{"x":25.919007868892354,"y":8.500323772603302},"rotation":{"radians":2.9735894455226415}},"curvature":-0.08578145819528127},{"time":2.0965133498211377,"velocity":-3.2425720919356484,"acceleration":3.0,"pose":{"translation":{"x":26.000836413553802,"y":8.486738701127177},"rotation":{"radians":2.9804891341743125}},"curvature":-0.08069163307491625},{"time":2.1223901519103188,"velocity":-3.1649416856681056,"acceleration":3.0,"pose":{"translation":{"x":26.08270906889617,"y":8.473709008507704},"rotation":{"radians":2.9869900355894834}},"curvature":-0.0762386733873775},{"time":2.1488324451749015,"velocity":-3.085614805874357,"acceleration":3.0000000000000107,"pose":{"translation":{"x":26.164401927608917,"y":8.461236328479064},"rotation":{"radians":2.993126396972694}},"curvature":-0.07235781170315633},{"time":2.1758121887313933,"velocity":-3.0046755752048813,"acceleration":3.000000000000011,"pose":{"translation":{"x":26.24569055737422,"y":8.449321205619313},"rotation":{"radians":2.99892975448348}},"curvature":-0.0689946149871784},{"time":2.2032992930145863,"velocity":-2.9222142623553022,"acceleration":3.0,"pose":{"translation":{"x":26.32635131551244,"y":8.43796309535039},"rotation":{"radians":3.004429214049239}},"curvature":-0.06610400151839735},{"time":2.2312616374834877,"velocity":-2.8383272289485975,"acceleration":3.0,"pose":{"translation":{"x":26.406162663627587,"y":8.427160363938127},"rotation":{"radians":3.0096517227577047}},"curvature":-0.06364945253377842},{"time":2.259665084011826,"velocity":-2.753116889363583,"acceleration":3.0,"pose":{"translation":{"x":26.484906482252804,"y":8.416910288492225},"rotation":{"radians":3.014622329808471}},"curvature":-0.0616024275181941},{"time":2.288473487847884,"velocity":-2.6666916778554084,"acceleration":3.0000000000000058,"pose":{"translation":{"x":26.56236938549581,"y":8.407209056966277},"rotation":{"radians":3.019364437409427}},"curvature":-0.0599419929417217},{"time":2.3176487086140822,"velocity":-2.579166015556814,"acceleration":3.0,"pose":{"translation":{"x":26.63834403568441,"y":8.398051768157757},"rotation":{"radians":3.023900043027504}},"curvature":-0.05865467885259471},{"time":2.3471506246254963,"velocity":-2.490660267522572,"acceleration":2.999999999999994,"pose":{"translation":{"x":26.71263045801192,"y":8.389432431708018},"rotation":{"radians":3.0282499751617054}},"curvature":-0.05773458564978745},{"time":2.3769371549227647,"velocity":-2.4013006766307665,"acceleration":3.0,"pose":{"translation":{"x":26.785037355182666,"y":8.381343968102303},"rotation":{"radians":3.0324341253782907}},"curvature":-0.05718377457064912},{"time":2.406964294954647,"velocity":-2.31121925653512,"acceleration":3.0000000000000067,"pose":{"translation":{"x":26.855383422057443,"y":8.373778208669734},"rotation":{"radians":3.03647167977501}},"curvature":-0.057012990201539285},{"time":2.43718617397149,"velocity":-2.2205536194845896,"acceleration":2.9999999999999933,"pose":{"translation":{"x":26.92349866029899,"y":8.366725895583318},"rotation":{"radians":3.0403813533257744}},"curvature":-0.05724278203393253},{"time":2.4675551451310573,"velocity":-2.129446706005888,"acceleration":3.0,"pose":{"translation":{"x":26.989225693017442,"y":8.36017668185994},"rotation":{"radians":3.0441816306505736}},"curvature":-0.05790511494996423},{"time":2.4980219233955614,"velocity":-2.0380463712123764,"acceleration":2.9999999999999964,"pose":{"translation":{"x":27.052421079415826,"y":8.354119131360374},"rotation":{"radians":3.047891016533947}},"curvature":-0.059045584967933114},{"time":2.5590448018471124,"velocity":-1.8549777358577244,"acceleration":3.000000000000002,"pose":{"translation":{"x":27.17072071840168,"y":8.343427829695178},"rotation":{"radians":3.0551128238567196}},"curvature":-0.06303017931216662},{"time":2.6198384720027095,"velocity":-1.6725967253909328,"acceleration":3.000000000000002,"pose":{"translation":{"x":27.277578729266114,"y":8.334538718351563},"rotation":{"radians":3.0622055011767566}},"curvature":-0.069970731718089},{"time":2.679987834774132,"velocity":-1.4921486370766641,"acceleration":2.9999999999999987,"pose":{"translation":{"x":27.372483378814792,"y":8.32732109859549},"rotation":{"radians":3.069345701274823}},"curvature":-0.08115487464135866},{"time":2.7391164054338573,"velocity":-1.3147629250974884,"acceleration":3.0000000000000018,"pose":{"translation":{"x":27.455272117304474,"y":8.321626845195048},"rotation":{"radians":3.07673452630323}},"curvature":-0.09860475824717639},{"time":2.7969619504941443,"velocity":-1.1412262899166268,"acceleration":2.999999999999999,"pose":{"translation":{"x":27.526173647098055,"y":8.317290406420453},"rotation":{"radians":3.0845919870260556}},"curvature":-0.12511483022855466},{"time":2.853533094254509,"velocity":-0.9715128586355317,"acceleration":3.0,"pose":{"translation":{"x":27.585849991319566,"y":8.314128804044053},"rotation":{"radians":3.0931108806014795}},"curvature":-0.1630788141695136},{"time":2.9668319139249584,"velocity":-0.6316163996241836,"acceleration":3.0000000000000004,"pose":{"translation":{"x":27.67659423127837,"y":8.310511063085855},"rotation":{"radians":3.111591599432243}},"curvature":-0.2360463826173459},{"time":3.1773707137996863,"velocity":-0.0,"acceleration":3.0000000000000004,"pose":{"translation":{"x":27.743066046286767,"y":8.308961266541786},"rotation":{"radians":3.1223642544900727}},"curvature":6.746943380335103E-14}]